[www.baitec.buenosaires.gob.ar/areas/educacion/escuelas/escuelas/media/tecnica/tecnica12/index.html]
[backblue.gif]
[fade.gif]
[index.html]
[www.baitec.buenosaires.gob.ar/areas/educacion/escuelas/escuelas/media/tecnica/tecnica12/lat.html]
[www.baitec.buenosaires.gob.ar/areas/educacion/escuelas/escuelas/media/tecnica/tecnica12/index.html]
[www.baitec.buenosaires.gob.ar/areas/educacion/escuelas/escuelas/media/tecnica/tecnica12/princi.html]
[www.baitec.buenosaires.gob.ar/areas/educacion/escuelas/escuelas/media/tecnica/tecnica12/fm.jpg]
[www.baitec.buenosaires.gob.ar/areas/educacion/escuelas/escuelas/media/tecnica/tecnica12/esc.gif]
[www.baitec.buenosaires.gob.ar/areas/educacion/escuelas/escuelas/media/tecnica/tecnica12/mbj1.jpg]
[www.baitec.buenosaires.gob.ar/areas/educacion/escuelas/escuelas/media/tecnica/tecnica12/datos.html]
[www.baitec.buenosaires.gob.ar/areas/educacion/escuelas/escuelas/media/tecnica/tecnica12/mbj2.jpg]
[www.baitec.buenosaires.gob.ar/areas/educacion/escuelas/escuelas/media/tecnica/tecnica12/comuni.html]
[www.baitec.buenosaires.gob.ar/areas/educacion/escuelas/escuelas/media/tecnica/tecnica12/mbj3.jpg]
[www.baitec.buenosaires.gob.ar/areas/educacion/escuelas/escuelas/media/tecnica/tecnica12/estruct.html]
[www.baitec.buenosaires.gob.ar/areas/educacion/escuelas/escuelas/media/tecnica/tecnica12/mbj4.jpg]
[www.baitec.buenosaires.gob.ar/areas/educacion/escuelas/escuelas/media/tecnica/tecnica12/pei.html]
[www.baitec.buenosaires.gob.ar/areas/educacion/escuelas/escuelas/media/tecnica/tecnica12/mbj5.jpg]
[www.baitec.buenosaires.gob.ar/areas/educacion/escuelas/escuelas/media/tecnica/tecnica12/fotos.html]
[www.baitec.buenosaires.gob.ar/areas/educacion/escuelas/escuelas/media/tecnica/tecnica12/mbj7.jpg]
[www.baitec.buenosaires.gob.ar/areas/educacion/escuelas/escuelas/media/tecnica/tecnica12/primaria1.html]
[www.baitec.buenosaires.gob.ar/areas/educacion/escuelas/escuelas/media/tecnica/tecnica12/lat.html]
[www.baitec.buenosaires.gob.ar/areas/educacion/escuelas/escuelas/media/tecnica/tecnica12/mbj9.jpg]
[www.baitec.buenosaires.gob.ar/areas/educacion/escuelas/escuelas/media/tecnica/tecnica12/titulo.gif]
[www.baitec.buenosaires.gob.ar/areas/educacion/escuelas/escuelas/media/tecnica/tecnica12/Lake.class]
[www.baitec.buenosaires.gob.ar/areas/educacion/escuelas/escuelas/media/tecnica/tecnica12/princi.html]
[www.baitec.buenosaires.gob.ar/areas/educacion/escuelas/escuelas/media/tecnica/tecnica12/images/fondat.jpg]
[www.baitec.buenosaires.gob.ar/areas/educacion/escuelas/escuelas/media/tecnica/tecnica12/correo.gif]
[www.baitec.buenosaires.gob.ar/areas/educacion/escuelas/escuelas/media/tecnica/tecnica12/datos.html]
[www.baitec.buenosaires.gob.ar/areas/educacion/escuelas/escuelas/media/tecnica/tecnica12/images/fondprin.jpg]
[www.baitec.buenosaires.gob.ar/areas/educacion/escuelas/escuelas/media/tecnica/tecnica12/comuni.html]
[www.baitec.buenosaires.gob.ar/areas/educacion/escuelas/escuelas/media/tecnica/tecnica12/boton.gif]
[www.baitec.buenosaires.gob.ar/areas/educacion/escuelas/escuelas/media/tecnica/tecnica12/barra.gif]
[www.baitec.buenosaires.gob.ar/areas/educacion/escuelas/escuelas/media/tecnica/tecnica12/estruct.html]
[www.baitec.buenosaires.gob.ar/areas/educacion/escuelas/escuelas/media/tecnica/tecnica12/pei.html]
[www.baitec.buenosaires.gob.ar/areas/educacion/escuelas/escuelas/media/tecnica/tecnica12/images/fondfot.jpg]
[www.baitec.buenosaires.gob.ar/areas/educacion/escuelas/escuelas/media/tecnica/tecnica12/biblio.gif]
[www.baitec.buenosaires.gob.ar/areas/educacion/escuelas/escuelas/media/tecnica/tecnica12/dibujo.gif]
[www.baitec.buenosaires.gob.ar/areas/educacion/escuelas/escuelas/media/tecnica/tecnica12/electra.gif]
[www.baitec.buenosaires.gob.ar/areas/educacion/escuelas/escuelas/media/tecnica/tecnica12/electro.gif]
[www.baitec.buenosaires.gob.ar/areas/educacion/escuelas/escuelas/media/tecnica/tecnica12/gimnasio.gif]
[www.baitec.buenosaires.gob.ar/areas/educacion/escuelas/escuelas/media/tecnica/tecnica12/frente.gif]
[www.baitec.buenosaires.gob.ar/areas/educacion/escuelas/escuelas/media/tecnica/tecnica12/fotos.html]
[www.baitec.buenosaires.gob.ar/areas/educacion/escuelas/escuelas/media/tecnica/tecnica12/fondo4.gif]
[www.baitec.buenosaires.gob.ar/areas/educacion/escuelas/escuelas/media/tecnica/tecnica12/primaria1_archivos/filelist.xml]
[www.baitec.buenosaires.gob.ar/areas/educacion/escuelas/escuelas/media/tecnica/tecnica12/primaria1_archivos/editdata.mso]
[www.baitec.buenosaires.gob.ar/areas/educacion/escuelas/escuelas/media/tecnica/tecnica12/primaria1_archivos/image001.gif]
[www.baitec.buenosaires.gob.ar/areas/educacion/escuelas/escuelas/media/tecnica/tecnica12/primaria1_archivos/image002.gif]
[www.baitec.buenosaires.gob.ar/areas/educacion/escuelas/escuelas/media/tecnica/tecnica12/primaria1_archivos/image003.gif]
[www.baitec.buenosaires.gob.ar/areas/educacion/escuelas/escuelas/media/tecnica/tecnica12/primaria2.html]
[www.baitec.buenosaires.gob.ar/areas/educacion/escuelas/escuelas/media/tecnica/tecnica12/primaria1.html]
[www.baitec.buenosaires.gob.ar/areas/educacion/escuelas/escuelas/media/tecnica/tecnica12/Lake.html]
[www.baitec.buenosaires.gob.ar/areas/educacion/escuelas/escuelas/media/tecnica/tecnica12/images/fondat.html]
[www.baitec.buenosaires.gob.ar/areas/educacion/escuelas/escuelas/media/tecnica/tecnica12/images/fondprin.html]
[www.baitec.buenosaires.gob.ar/areas/educacion/escuelas/escuelas/media/tecnica/tecnica12/images/fondfot.html]
[www.baitec.buenosaires.gob.ar/areas/educacion/escuelas/escuelas/media/tecnica/tecnica12/primaria1_archivos/filelist.html]
[www.baitec.buenosaires.gob.ar/areas/educacion/escuelas/escuelas/media/tecnica/tecnica12/primaria1_archivos/editdata.html]
[www.baitec.buenosaires.gob.ar/areas/educacion/escuelas/escuelas/media/tecnica/tecnica12/primaria1_archivos/image001.html]
[www.baitec.buenosaires.gob.ar/areas/educacion/escuelas/escuelas/media/tecnica/tecnica12/primaria1_archivos/image002.html]
[www.baitec.buenosaires.gob.ar/areas/educacion/escuelas/escuelas/media/tecnica/tecnica12/primaria1_archivos/image003.html]
[www.baitec.buenosaires.gob.ar/areas/educacion/escuelas/escuelas/media/tecnica/tecnica12/escudo.gif]
[www.baitec.buenosaires.gob.ar/areas/educacion/escuelas/escuelas/media/tecnica/tecnica12/buffet.gif]
[www.baitec.buenosaires.gob.ar/areas/educacion/escuelas/escuelas/media/tecnica/tecnica12/primaria2_archivos/filelist.2a.delayed]
[www.baitec.buenosaires.gob.ar/areas/educacion/escuelas/escuelas/media/tecnica/tecnica12/primaria2_archivos/editdata.mso]
[www.baitec.buenosaires.gob.ar/areas/educacion/escuelas/escuelas/media/tecnica/tecnica12/primaria2_archivos/image001.gif]
[www.baitec.buenosaires.gob.ar/areas/educacion/escuelas/escuelas/media/tecnica/tecnica12/primaria2_archivos/image002.gif]
[www.baitec.buenosaires.gob.ar/areas/educacion/escuelas/escuelas/media/tecnica/tecnica12/primaria2_archivos/image003.gif]
[www.baitec.buenosaires.gob.ar/areas/educacion/escuelas/escuelas/media/tecnica/tecnica12/primaria2_archivos/image004.gif]
[www.baitec.buenosaires.gob.ar/areas/educacion/escuelas/escuelas/media/tecnica/tecnica12/primaria2_archivos/image005.gif]
[www.baitec.buenosaires.gob.ar/areas/educacion/escuelas/escuelas/media/tecnica/tecnica12/primaria2_archivos/image006.gif]
[www.baitec.buenosaires.gob.ar/areas/educacion/escuelas/escuelas/media/tecnica/tecnica12/primaria3.html]
[www.baitec.buenosaires.gob.ar/areas/educacion/escuelas/escuelas/media/tecnica/tecnica12/primaria2.html]
[www.baitec.buenosaires.gob.ar/areas/educacion/escuelas/escuelas/media/tecnica/tecnica12/primaria2_archivos/filelist.html]
[www.baitec.buenosaires.gob.ar/areas/educacion/escuelas/escuelas/media/tecnica/tecnica12/primaria2_archivos/editdata.html]
[www.baitec.buenosaires.gob.ar/areas/educacion/escuelas/escuelas/media/tecnica/tecnica12/primaria2_archivos/image001.html]
[www.baitec.buenosaires.gob.ar/areas/educacion/escuelas/escuelas/media/tecnica/tecnica12/primaria2_archivos/image002.html]
[www.baitec.buenosaires.gob.ar/areas/educacion/escuelas/escuelas/media/tecnica/tecnica12/primaria2_archivos/image003.html]
[www.baitec.buenosaires.gob.ar/areas/educacion/escuelas/escuelas/media/tecnica/tecnica12/primaria2_archivos/image004.html]
[www.baitec.buenosaires.gob.ar/areas/educacion/escuelas/escuelas/media/tecnica/tecnica12/primaria2_archivos/image005.html]
[www.baitec.buenosaires.gob.ar/areas/educacion/escuelas/escuelas/media/tecnica/tecnica12/primaria2_archivos/image006.html]
[www.baitec.buenosaires.gob.ar/areas/educacion/escuelas/escuelas/media/tecnica/tecnica12/maqele.gif]
[www.baitec.buenosaires.gob.ar/areas/educacion/escuelas/escuelas/media/tecnica/tecnica12/informat.gif]
[www.baitec.buenosaires.gob.ar/areas/educacion/escuelas/escuelas/media/tecnica/tecnica12/primaria3_archivos/filelist.xml]
[www.baitec.buenosaires.gob.ar/areas/educacion/escuelas/escuelas/media/tecnica/tecnica12/primaria3.html]
[www.baitec.buenosaires.gob.ar/areas/educacion/escuelas/escuelas/media/tecnica/tecnica12/primaria4.html]
[www.baitec.buenosaires.gob.ar/areas/educacion/escuelas/escuelas/media/tecnica/tecnica12/primaria3_archivos/filelist.html]
[www.baitec.buenosaires.gob.ar/areas/educacion/escuelas/escuelas/media/tecnica/tecnica12/primaria4_archivos/filelist.xml]
[www.baitec.buenosaires.gob.ar/areas/educacion/escuelas/escuelas/media/tecnica/tecnica12/primaria4.html]
[www.baitec.buenosaires.gob.ar/areas/educacion/escuelas/escuelas/media/tecnica/tecnica12/primaria5.html]
[www.baitec.buenosaires.gob.ar/areas/educacion/escuelas/escuelas/media/tecnica/tecnica12/primaria4_archivos/filelist.html]
[www.baitec.buenosaires.gob.ar/areas/educacion/escuelas/escuelas/media/tecnica/tecnica12/primaria5_archivos/filelist.xml]
[www.baitec.buenosaires.gob.ar/areas/educacion/escuelas/escuelas/media/tecnica/tecnica12/primaria6.html]
[www.baitec.buenosaires.gob.ar/areas/educacion/escuelas/escuelas/media/tecnica/tecnica12/primaria5.html]
[www.baitec.buenosaires.gob.ar/areas/educacion/escuelas/escuelas/media/tecnica/tecnica12/primaria5_archivos/filelist.html]
[www.baitec.buenosaires.gob.ar/areas/educacion/escuelas/escuelas/media/tecnica/tecnica12/primaria6_archivos/filelist.xml]
[www.baitec.buenosaires.gob.ar/areas/educacion/escuelas/escuelas/media/tecnica/tecnica12/primaria7.html]
[www.baitec.buenosaires.gob.ar/areas/educacion/escuelas/escuelas/media/tecnica/tecnica12/primaria6.html]
[www.baitec.buenosaires.gob.ar/areas/educacion/escuelas/escuelas/media/tecnica/tecnica12/primaria6_archivos/filelist.html]
[www.baitec.buenosaires.gob.ar/areas/educacion/escuelas/escuelas/media/tecnica/tecnica12/primaria7_archivos/filelist.xml]
[www.baitec.buenosaires.gob.ar/areas/educacion/escuelas/escuelas/media/tecnica/tecnica12/primaria7.html]
[www.baitec.buenosaires.gob.ar/areas/educacion/escuelas/escuelas/media/tecnica/tecnica12/primaria7_archivos/filelist.html]
